// Jest Snapshot v1, https://goo.gl/fbAQLP

exports[`expect to render Cards component 1`] = `ShallowWrapper {}`;
